[www.sharathnair.me/index.html]
[backblue.gif]
[fade.gif]
[index.html]
[www.sharathnair.me/seoImage.png]
[www.sharathnair.me/favicon.ico]
[www.sharathnair.me/_next/static/css/1b782bb598dc55b0.css]
[www.sharathnair.me/_next/static/css/96393529b463e828.css]
[www.sharathnair.me/_next/static/chunks/polyfills-c67a75d1b6f99dc8.js]
[www.sharathnair.me/_next/static/chunks/webpack-6d100aa8853800eb.js]
[www.sharathnair.me/_next/static/chunks/framework-fe99aa755573eedd.js]
[www.sharathnair.me/_next/static/chunks/main-017a64f48d901a37.js]
[www.sharathnair.me/_next/static/chunks/pages/_app-f3e5e7019e73d59b.js]
[www.sharathnair.me/_next/static/chunks/204-9d796c9a75480768.js]
[www.sharathnair.me/_next/static/chunks/pages/index-f730d1c83b2edaab.js]
[www.sharathnair.me/_next/static/B8sbVdSI1LP8_UYTBB44p/_buildManifest.js]
[www.sharathnair.me/_next/static/B8sbVdSI1LP8_UYTBB44p/_ssgManifest.js]
[cdn.sanity.io/images/hl8ayhlw/production/cc0276b92fd6b8d104fee271c124a019a82a8972-3488x3488.jpg]
[www.sharathnair.me/resume.pdf]
[cdn.sanity.io/images/hl8ayhlw/production/07b4c8105489d53263821a0fa97dc25204e7bf6b-637x642.png]
[cdn.sanity.io/images/hl8ayhlw/production/0d931b388104a02daa7f2948f5b7158315ff6a6e-242x242.png]
[cdn.sanity.io/images/hl8ayhlw/production/7ec5ff57621ff9f2858811310d5990ce47333319-363x349.png]
[cdn.sanity.io/images/hl8ayhlw/production/cb73c4eff8e1fb2d9a7a39453e1b3da3e024b261-567x6681d72.png]
[cdn.sanity.io/images/hl8ayhlw/production/193f238413affb7d029ee7f8db5b91e3bf4d0ac1-1307x1470.png]
[cdn.sanity.io/images/hl8ayhlw/production/f8ad0d2d7996928ec0893703b4b20b7de0d73c9c-500x500.png]
[cdn.sanity.io/images/hl8ayhlw/production/b33a7daa558dccaa9e259c52e31d55b3be20d307-659x379.png]
[cdn.sanity.io/images/hl8ayhlw/production/e33a3ac45a690276f6e328098e0faaa45e721dfe-649x385.png]
[cdn.sanity.io/images/hl8ayhlw/production/5960b2e834c56f44405a100aa70001a93ad49da9-646x386.png]
[cdn.sanity.io/images/hl8ayhlw/production/f0e4a50cd513116bd7cafcc933b0e270f14b3231-644x388.png]
[www.sharathnair.me/index.html]
[www.sharathnair.me/_next/static/css/1b782bb598dc55b0.css]
[www.sharathnair.me/_next/static/css/96393529b463e828.css]
